{
  "status": "passed",
  "elapsed_seconds": 10.402417210000749,
  "eye_owner_pixels": {
    "open": {
      "face/left-eye": 1791,
      "face/right-eye": 1791
    },
    "half-closing": {
      "face/left-eye": 288,
      "face/right-eye": 239
    },
    "closed-open-mouth": {
      "face/left-eye": 0,
      "face/right-eye": 0
    },
    "half-opening": {
      "face/left-eye": 288,
      "face/right-eye": 239
    },
    "return": {
      "face/left-eye": 1791,
      "face/right-eye": 1791
    }
  },
  "cavity_owner_pixels": {
    "open": 58,
    "half-closing": 821,
    "closed-open-mouth": 1463,
    "half-opening": 821,
    "return": 58
  },
  "actual_eye_shell_clearance_min_m": 0.005964319467544556
}
